../Core/Src/main.c:167:5:main	48	static
../Core/Src/main.c:240:6:SystemClock_Config	88	static
../Core/Src/main.c:282:13:MX_ADC1_Init	24	static
../Core/Src/main.c:334:13:MX_CAN1_Init	48	static
../Core/Src/main.c:382:13:MX_I2C1_Init	8	static
../Core/Src/main.c:416:13:MX_I2C2_Init	8	static
../Core/Src/main.c:450:13:MX_SPI1_Init	8	static
../Core/Src/main.c:488:13:MX_SPI2_Init	8	static
../Core/Src/main.c:526:13:MX_UART4_Init	8	static
../Core/Src/main.c:557:13:MX_DMA_Init	16	static
../Core/Src/main.c:597:13:MX_GPIO_Init	48	static
../Core/Src/main.c:634:6:EEPROM_WriteEnable	16	static
../Core/Src/main.c:641:6:EEPROM_WriteDTC	16	static
../Core/Src/main.c:658:6:EEPROM_ReadDTC	16	static
../Core/Src/main.c:669:6:Process_CAN_Response	56	static
../Core/Src/main.c:720:6:HAL_I2C_MemRxCpltCallback	16	static
../Core/Src/main.c:726:6:HAL_SPI_TxCpltCallback	16	static
../Core/Src/main.c:733:6:HAL_CAN_RxFifo0MsgPendingCallback	48	static
../Core/Src/main.c:742:6:PMIC_Vref_Change	40	static
../Core/Src/main.c:761:6:Error_Handler	4	static,ignoring_inline_asm
