../Core/Src/main.c:139:5:main	48	static
../Core/Src/main.c:212:6:SystemClock_Config	88	static
../Core/Src/main.c:254:13:MX_ADC1_Init	24	static
../Core/Src/main.c:306:13:MX_CAN1_Init	8	static
../Core/Src/main.c:343:13:MX_I2C1_Init	8	static
../Core/Src/main.c:377:13:MX_I2C2_Init	8	static
../Core/Src/main.c:411:13:MX_SPI1_Init	8	static
../Core/Src/main.c:449:13:MX_SPI2_Init	8	static
../Core/Src/main.c:487:13:MX_UART4_Init	8	static
../Core/Src/main.c:518:13:MX_DMA_Init	16	static
../Core/Src/main.c:558:13:MX_GPIO_Init	48	static
../Core/Src/main.c:595:6:EEPROM_WriteEnable	16	static
../Core/Src/main.c:602:6:EEPROM_WriteDTC	16	static
../Core/Src/main.c:619:6:EEPROM_ReadDTC	16	static
../Core/Src/main.c:630:6:Process_CAN_Response	56	static
../Core/Src/main.c:681:6:HAL_I2C_MemRxCpltCallback	16	static
../Core/Src/main.c:687:6:HAL_SPI_TxCpltCallback	16	static
../Core/Src/main.c:694:6:HAL_CAN_RxFifo0MsgPendingCallback	48	static
../Core/Src/main.c:710:6:Error_Handler	4	static,ignoring_inline_asm
