../Core/Src/main.c:146:5:main	5
../Core/Src/main.c:221:6:SystemClock_Config	3
../Core/Src/main.c:263:13:MX_ADC1_Init	3
../Core/Src/main.c:315:13:MX_CAN1_Init	2
../Core/Src/main.c:363:13:MX_I2C1_Init	2
../Core/Src/main.c:397:13:MX_I2C2_Init	2
../Core/Src/main.c:431:13:MX_SPI1_Init	2
../Core/Src/main.c:469:13:MX_SPI2_Init	2
../Core/Src/main.c:507:13:MX_UART4_Init	2
../Core/Src/main.c:538:13:MX_DMA_Init	1
../Core/Src/main.c:578:13:MX_GPIO_Init	1
../Core/Src/main.c:615:6:EEPROM_WriteEnable	1
../Core/Src/main.c:622:6:EEPROM_WriteDTC	3
../Core/Src/main.c:639:6:EEPROM_ReadDTC	1
../Core/Src/main.c:650:6:Process_CAN_Response	7
../Core/Src/main.c:701:6:HAL_I2C_MemRxCpltCallback	2
../Core/Src/main.c:707:6:HAL_SPI_TxCpltCallback	2
../Core/Src/main.c:714:6:HAL_CAN_RxFifo0MsgPendingCallback	2
../Core/Src/main.c:723:6:PMIC_Vref_Change	1
../Core/Src/main.c:742:6:Error_Handler	1
